// Jest Snapshot v1, https://goo.gl/fbAQLP

exports[`uncontrolled mode matches the snapshot 1`] = `
<WithStyles(ChipInput)
  defaultValue={
    Array [
      "foo",
      "bar",
    ]
  }
>
  <ChipInput
    allowDuplicates={false}
    blurBehavior="clear"
    classes={
      Object {
        "chip": "ChipInput-chip-14",
        "chipContainer": "ChipInput-chipContainer-4",
        "disabled": "ChipInput-disabled-11",
        "error": "ChipInput-error-13",
        "focused": "ChipInput-focused-10",
        "helperText": "ChipInput-helperText-8",
        "inkbar": "ChipInput-inkbar-9",
        "input": "ChipInput-input-3",
        "inputRoot": "ChipInput-inputRoot-2",
        "label": "ChipInput-label-6",
        "labelShrink": "ChipInput-labelShrink-7",
        "labeled": "ChipInput-labeled-5",
        "root": "ChipInput-root-1",
        "underline": "ChipInput-underline-12",
      }
    }
    clearInputValueOnChange={false}
    defaultValue={
      Array [
        "foo",
        "bar",
      ]
    }
    newChipKeyCodes={
      Array [
        13,
      ]
    }
  >
    <WithStyles(FormControl)
      className="ChipInput-root-1"
      onClick={[Function]}
    >
      <FormControl
        className="ChipInput-root-1"
        classes={
          Object {
            "fullWidth": "MuiFormControl-fullWidth-18",
            "marginDense": "MuiFormControl-marginDense-17",
            "marginNormal": "MuiFormControl-marginNormal-16",
            "root": "MuiFormControl-root-15",
          }
        }
        component="div"
        disabled={false}
        error={false}
        fullWidth={false}
        margin="none"
        onClick={[Function]}
        required={false}
        variant="standard"
      >
        <div
          className="MuiFormControl-root-15 ChipInput-root-1"
          onClick={[Function]}
        >
          <div
            className="ChipInput-chipContainer-4 ChipInput-inkbar-9 ChipInput-underline-12"
          >
            <WithStyles(Chip)
              className="ChipInput-chip-14"
              key="0"
              label="foo"
              onClick={[Function]}
              onDelete={[Function]}
              style={
                Object {
                  "backgroundColor": undefined,
                  "pointerEvents": undefined,
                }
              }
            >
              <Chip
                className="ChipInput-chip-14"
                classes={
                  Object {
                    "avatar": "MuiChip-avatar-31",
                    "avatarChildren": "MuiChip-avatarChildren-34",
                    "avatarColorPrimary": "MuiChip-avatarColorPrimary-32",
                    "avatarColorSecondary": "MuiChip-avatarColorSecondary-33",
                    "clickable": "MuiChip-clickable-22",
                    "clickableColorPrimary": "MuiChip-clickableColorPrimary-23",
                    "clickableColorSecondary": "MuiChip-clickableColorSecondary-24",
                    "colorPrimary": "MuiChip-colorPrimary-20",
                    "colorSecondary": "MuiChip-colorSecondary-21",
                    "deletable": "MuiChip-deletable-25",
                    "deletableColorPrimary": "MuiChip-deletableColorPrimary-26",
                    "deletableColorSecondary": "MuiChip-deletableColorSecondary-27",
                    "deleteIcon": "MuiChip-deleteIcon-39",
                    "deleteIconColorPrimary": "MuiChip-deleteIconColorPrimary-40",
                    "deleteIconColorSecondary": "MuiChip-deleteIconColorSecondary-41",
                    "deleteIconOutlinedColorPrimary": "MuiChip-deleteIconOutlinedColorPrimary-42",
                    "deleteIconOutlinedColorSecondary": "MuiChip-deleteIconOutlinedColorSecondary-43",
                    "icon": "MuiChip-icon-35",
                    "iconColorPrimary": "MuiChip-iconColorPrimary-36",
                    "iconColorSecondary": "MuiChip-iconColorSecondary-37",
                    "label": "MuiChip-label-38",
                    "outlined": "MuiChip-outlined-28",
                    "outlinedPrimary": "MuiChip-outlinedPrimary-29",
                    "outlinedSecondary": "MuiChip-outlinedSecondary-30",
                    "root": "MuiChip-root-19",
                  }
                }
                clickable={false}
                color="default"
                component="div"
                label="foo"
                onClick={[Function]}
                onDelete={[Function]}
                style={
                  Object {
                    "backgroundColor": undefined,
                    "pointerEvents": undefined,
                  }
                }
                variant="default"
              >
                <div
                  className="MuiChip-root-19 MuiChip-clickable-22 MuiChip-deletable-25 ChipInput-chip-14"
                  onClick={[Function]}
                  onKeyDown={[Function]}
                  onKeyUp={[Function]}
                  role="button"
                  style={
                    Object {
                      "backgroundColor": undefined,
                      "pointerEvents": undefined,
                    }
                  }
                  tabIndex={0}
                >
                  <span
                    className="MuiChip-label-38"
                  >
                    foo
                  </span>
                  <pure(Cancel)
                    className="MuiChip-deleteIcon-39"
                    onClick={[Function]}
                  >
                    <Cancel
                      className="MuiChip-deleteIcon-39"
                      onClick={[Function]}
                    >
                      <WithStyles(SvgIcon)
                        className="MuiChip-deleteIcon-39"
                        onClick={[Function]}
                      >
                        <SvgIcon
                          className="MuiChip-deleteIcon-39"
                          classes={
                            Object {
                              "colorAction": "MuiSvgIcon-colorAction-47",
                              "colorDisabled": "MuiSvgIcon-colorDisabled-49",
                              "colorError": "MuiSvgIcon-colorError-48",
                              "colorPrimary": "MuiSvgIcon-colorPrimary-45",
                              "colorSecondary": "MuiSvgIcon-colorSecondary-46",
                              "fontSizeInherit": "MuiSvgIcon-fontSizeInherit-50",
                              "fontSizeLarge": "MuiSvgIcon-fontSizeLarge-52",
                              "fontSizeSmall": "MuiSvgIcon-fontSizeSmall-51",
                              "root": "MuiSvgIcon-root-44",
                            }
                          }
                          color="inherit"
                          component="svg"
                          fontSize="default"
                          onClick={[Function]}
                          viewBox="0 0 24 24"
                        >
                          <svg
                            aria-hidden="true"
                            className="MuiSvgIcon-root-44 MuiChip-deleteIcon-39"
                            focusable="false"
                            onClick={[Function]}
                            role="presentation"
                            viewBox="0 0 24 24"
                          >
                            <path
                              d="M12 2C6.47 2 2 6.47 2 12s4.47 10 10 10 10-4.47 10-10S17.53 2 12 2zm5 13.59L15.59 17 12 13.41 8.41 17 7 15.59 10.59 12 7 8.41 8.41 7 12 10.59 15.59 7 17 8.41 13.41 12 17 15.59z"
                            />
                          </svg>
                        </SvgIcon>
                      </WithStyles(SvgIcon)>
                    </Cancel>
                  </pure(Cancel)>
                </div>
              </Chip>
            </WithStyles(Chip)>
            <WithStyles(Chip)
              className="ChipInput-chip-14"
              key="1"
              label="bar"
              onClick={[Function]}
              onDelete={[Function]}
              style={
                Object {
                  "backgroundColor": undefined,
                  "pointerEvents": undefined,
                }
              }
            >
              <Chip
                className="ChipInput-chip-14"
                classes={
                  Object {
                    "avatar": "MuiChip-avatar-31",
                    "avatarChildren": "MuiChip-avatarChildren-34",
                    "avatarColorPrimary": "MuiChip-avatarColorPrimary-32",
                    "avatarColorSecondary": "MuiChip-avatarColorSecondary-33",
                    "clickable": "MuiChip-clickable-22",
                    "clickableColorPrimary": "MuiChip-clickableColorPrimary-23",
                    "clickableColorSecondary": "MuiChip-clickableColorSecondary-24",
                    "colorPrimary": "MuiChip-colorPrimary-20",
                    "colorSecondary": "MuiChip-colorSecondary-21",
                    "deletable": "MuiChip-deletable-25",
                    "deletableColorPrimary": "MuiChip-deletableColorPrimary-26",
                    "deletableColorSecondary": "MuiChip-deletableColorSecondary-27",
                    "deleteIcon": "MuiChip-deleteIcon-39",
                    "deleteIconColorPrimary": "MuiChip-deleteIconColorPrimary-40",
                    "deleteIconColorSecondary": "MuiChip-deleteIconColorSecondary-41",
                    "deleteIconOutlinedColorPrimary": "MuiChip-deleteIconOutlinedColorPrimary-42",
                    "deleteIconOutlinedColorSecondary": "MuiChip-deleteIconOutlinedColorSecondary-43",
                    "icon": "MuiChip-icon-35",
                    "iconColorPrimary": "MuiChip-iconColorPrimary-36",
                    "iconColorSecondary": "MuiChip-iconColorSecondary-37",
                    "label": "MuiChip-label-38",
                    "outlined": "MuiChip-outlined-28",
                    "outlinedPrimary": "MuiChip-outlinedPrimary-29",
                    "outlinedSecondary": "MuiChip-outlinedSecondary-30",
                    "root": "MuiChip-root-19",
                  }
                }
                clickable={false}
                color="default"
                component="div"
                label="bar"
                onClick={[Function]}
                onDelete={[Function]}
                style={
                  Object {
                    "backgroundColor": undefined,
                    "pointerEvents": undefined,
                  }
                }
                variant="default"
              >
                <div
                  className="MuiChip-root-19 MuiChip-clickable-22 MuiChip-deletable-25 ChipInput-chip-14"
                  onClick={[Function]}
                  onKeyDown={[Function]}
                  onKeyUp={[Function]}
                  role="button"
                  style={
                    Object {
                      "backgroundColor": undefined,
                      "pointerEvents": undefined,
                    }
                  }
                  tabIndex={0}
                >
                  <span
                    className="MuiChip-label-38"
                  >
                    bar
                  </span>
                  <pure(Cancel)
                    className="MuiChip-deleteIcon-39"
                    onClick={[Function]}
                  >
                    <Cancel
                      className="MuiChip-deleteIcon-39"
                      onClick={[Function]}
                    >
                      <WithStyles(SvgIcon)
                        className="MuiChip-deleteIcon-39"
                        onClick={[Function]}
                      >
                        <SvgIcon
                          className="MuiChip-deleteIcon-39"
                          classes={
                            Object {
                              "colorAction": "MuiSvgIcon-colorAction-47",
                              "colorDisabled": "MuiSvgIcon-colorDisabled-49",
                              "colorError": "MuiSvgIcon-colorError-48",
                              "colorPrimary": "MuiSvgIcon-colorPrimary-45",
                              "colorSecondary": "MuiSvgIcon-colorSecondary-46",
                              "fontSizeInherit": "MuiSvgIcon-fontSizeInherit-50",
                              "fontSizeLarge": "MuiSvgIcon-fontSizeLarge-52",
                              "fontSizeSmall": "MuiSvgIcon-fontSizeSmall-51",
                              "root": "MuiSvgIcon-root-44",
                            }
                          }
                          color="inherit"
                          component="svg"
                          fontSize="default"
                          onClick={[Function]}
                          viewBox="0 0 24 24"
                        >
                          <svg
                            aria-hidden="true"
                            className="MuiSvgIcon-root-44 MuiChip-deleteIcon-39"
                            focusable="false"
                            onClick={[Function]}
                            role="presentation"
                            viewBox="0 0 24 24"
                          >
                            <path
                              d="M12 2C6.47 2 2 6.47 2 12s4.47 10 10 10 10-4.47 10-10S17.53 2 12 2zm5 13.59L15.59 17 12 13.41 8.41 17 7 15.59 10.59 12 7 8.41 8.41 7 12 10.59 15.59 7 17 8.41 13.41 12 17 15.59z"
                            />
                          </svg>
                        </SvgIcon>
                      </WithStyles(SvgIcon)>
                    </Cancel>
                  </pure(Cancel)>
                </div>
              </Chip>
            </WithStyles(Chip)>
            <WithStyles(Input)
              classes={
                Object {
                  "input": "ChipInput-input-3",
                  "root": "ChipInput-inputRoot-2",
                }
              }
              disableUnderline={true}
              inputRef={[Function]}
              onBlur={[Function]}
              onChange={[Function]}
              onFocus={[Function]}
              onKeyDown={[Function]}
              onKeyPress={[Function]}
              onKeyUp={[Function]}
              placeholder={null}
              value=""
            >
              <Input
                classes={
                  Object {
                    "disabled": "MuiInput-disabled-56",
                    "error": "MuiInput-error-58",
                    "focused": "MuiInput-focused-55",
                    "formControl": "MuiInput-formControl-54",
                    "fullWidth": "MuiInput-fullWidth-60",
                    "input": "MuiInput-input-61 ChipInput-input-3",
                    "inputMarginDense": "MuiInput-inputMarginDense-62",
                    "inputMultiline": "MuiInput-inputMultiline-63",
                    "inputType": "MuiInput-inputType-64",
                    "inputTypeSearch": "MuiInput-inputTypeSearch-65",
                    "multiline": "MuiInput-multiline-59",
                    "root": "MuiInput-root-53 ChipInput-inputRoot-2",
                    "underline": "MuiInput-underline-57",
                  }
                }
                disableUnderline={true}
                inputRef={[Function]}
                onBlur={[Function]}
                onChange={[Function]}
                onFocus={[Function]}
                onKeyDown={[Function]}
                onKeyPress={[Function]}
                onKeyUp={[Function]}
                placeholder={null}
                value=""
              >
                <WithStyles(InputBase)
                  classes={
                    Object {
                      "disabled": "MuiInput-disabled-56",
                      "error": "MuiInput-error-58",
                      "focused": "MuiInput-focused-55",
                      "formControl": "MuiInput-formControl-54",
                      "fullWidth": "MuiInput-fullWidth-60",
                      "input": "MuiInput-input-61 ChipInput-input-3",
                      "inputMarginDense": "MuiInput-inputMarginDense-62",
                      "inputMultiline": "MuiInput-inputMultiline-63",
                      "inputType": "MuiInput-inputType-64",
                      "inputTypeSearch": "MuiInput-inputTypeSearch-65",
                      "multiline": "MuiInput-multiline-59",
                      "root": "MuiInput-root-53 ChipInput-inputRoot-2",
                      "underline": null,
                    }
                  }
                  fullWidth={false}
                  inputComponent="input"
                  inputRef={[Function]}
                  multiline={false}
                  onBlur={[Function]}
                  onChange={[Function]}
                  onFocus={[Function]}
                  onKeyDown={[Function]}
                  onKeyPress={[Function]}
                  onKeyUp={[Function]}
                  placeholder={null}
                  type="text"
                  value=""
                >
                  <InputBase
                    classes={
                      Object {
                        "adornedEnd": "MuiInputBase-adornedEnd-71",
                        "adornedStart": "MuiInputBase-adornedStart-70",
                        "disabled": "MuiInputBase-disabled-69 MuiInput-disabled-56",
                        "error": "MuiInputBase-error-72 MuiInput-error-58",
                        "focused": "MuiInputBase-focused-68 MuiInput-focused-55",
                        "formControl": "MuiInputBase-formControl-67 MuiInput-formControl-54",
                        "fullWidth": "MuiInputBase-fullWidth-75 MuiInput-fullWidth-60",
                        "input": "MuiInputBase-input-76 MuiInput-input-61 ChipInput-input-3",
                        "inputAdornedEnd": "MuiInputBase-inputAdornedEnd-82",
                        "inputAdornedStart": "MuiInputBase-inputAdornedStart-81",
                        "inputMarginDense": "MuiInputBase-inputMarginDense-77 MuiInput-inputMarginDense-62",
                        "inputMultiline": "MuiInputBase-inputMultiline-78 MuiInput-inputMultiline-63",
                        "inputType": "MuiInputBase-inputType-79 MuiInput-inputType-64",
                        "inputTypeSearch": "MuiInputBase-inputTypeSearch-80 MuiInput-inputTypeSearch-65",
                        "marginDense": "MuiInputBase-marginDense-73",
                        "multiline": "MuiInputBase-multiline-74 MuiInput-multiline-59",
                        "root": "MuiInputBase-root-66 MuiInput-root-53 ChipInput-inputRoot-2",
                      }
                    }
                    fullWidth={false}
                    inputComponent="input"
                    inputRef={[Function]}
                    multiline={false}
                    onBlur={[Function]}
                    onChange={[Function]}
                    onFocus={[Function]}
                    onKeyDown={[Function]}
                    onKeyPress={[Function]}
                    onKeyUp={[Function]}
                    placeholder={null}
                    type="text"
                    value=""
                  >
                    <div
                      className="MuiInputBase-root-66 MuiInput-root-53 ChipInput-inputRoot-2 MuiInputBase-formControl-67 MuiInput-formControl-54"
                      onClick={[Function]}
                      onKeyPress={[Function]}
                    >
                      <input
                        aria-invalid={false}
                        className="MuiInputBase-input-76 MuiInput-input-61 ChipInput-input-3"
                        disabled={false}
                        onBlur={[Function]}
                        onChange={[Function]}
                        onFocus={[Function]}
                        onKeyDown={[Function]}
                        onKeyUp={[Function]}
                        placeholder={null}
                        required={false}
                        type="text"
                        value=""
                      />
                    </div>
                  </InputBase>
                </WithStyles(InputBase)>
              </Input>
            </WithStyles(Input)>
          </div>
        </div>
      </FormControl>
    </WithStyles(FormControl)>
  </ChipInput>
</WithStyles(ChipInput)>
`;
